../Core/Src/main.c:78:5:main	16	static
../Core/Src/main.c:190:6:SystemClock_Config	88	static
../Core/Src/main.c:237:13:MX_TIM6_Init	16	static
../Core/Src/main.c:275:13:MX_TIM7_Init	16	static
../Core/Src/main.c:313:13:MX_TIM10_Init	8	static
../Core/Src/main.c:344:13:MX_TIM11_Init	40	static
../Core/Src/main.c:390:13:MX_GPIO_Init	32	static
../Core/Src/main.c:419:6:HAL_TIM_PeriodElapsedCallback	16	static
../Core/Src/main.c:427:6:HAL_GPIO_EXTI_Callback	16	static
../Core/Src/main.c:442:6:Error_Handler	4	static,ignoring_inline_asm
